<html>
<body>
<pre>
<h1>µVision Build Log</h1>
<h2>Tool Versions:</h2>
IDE-Version: ¦ÌVision V5.27.1.0
Copyright (C) 2019 ARM Ltd and ARM Germany GmbH. All rights reserved.
License Information: melo 2310036805@qq.com, melo, LIC=MPPLD-8P1ZC-X76RZ-JPSLA-YBSK7-8JERR
 
Tool Versions:
Toolchain:       MDK-ARM Plus  Version: 5.25.0.0
Toolchain Path:  C:\Keil_v5\ARM\ARMCC\Bin
C Compiler:      Armcc.exe V5.06 update 6 (build 750)
Assembler:       Armasm.exe V5.06 update 6 (build 750)
Linker/Locator:  ArmLink.exe V5.06 update 6 (build 750)
Library Manager: ArmAr.exe V5.06 update 6 (build 750)
Hex Converter:   FromElf.exe V5.06 update 6 (build 750)
CPU DLL:         SARMCM3.DLL V5.25.0.0
Dialog DLL:      DCM.DLL V1.17.0.0
Target DLL:      STLink\ST-LINKIII-KEIL_SWO.dll V3.0.1.0
Dialog DLL:      TCM.DLL V1.34.0.0
 
<h2>Project:</h2>
F:\MCU\learn\Mywatch\V3\MDK-ARM\V1.uvprojx
Project File Date:  08/04/2026

<h2>Output:</h2>
*** Using Compiler 'V5.06 update 6 (build 750)', folder: 'C:\Keil_v5\ARM\ARMCC\Bin'
Rebuild target 'V1'
assembling startup_stm32f407xx.s...
compiling font32.c...
compiling font48.c...
compiling font16.c...
compiling lcd_backlight.c...
compiling lcd_st7789.c...
compiling aht20.c...
compiling lps22hh.c...
compiling stm32f4xx_hal_timebase_tim.c...
compiling opt3001.c...
compiling esp_at.c...
compiling spi.c...
compiling stm32f4xx_it.c...
compiling stm32f4xx_hal_rcc_ex.c...
compiling tim.c...
compiling ft5336.c...
compiling iwdg.c...
compiling eeprom.c...
compiling lis2dh12.c...
compiling usart.c...
compiling stm32f4xx_hal_msp.c...
compiling i2c.c...
compiling gpio.c...
compiling dma.c...
compiling rtc.c...
compiling stm32f4xx_hal_flash.c...
compiling stm32f4xx_hal_i2c_ex.c...
compiling weather.c...
compiling ui_msg.c...
compiling stm32f4xx_hal_rcc.c...
compiling stm32f4xx_hal_i2c.c...
compiling lv_group.c...
compiling lv_obj_id_builtin.c...
compiling lv_obj_draw.c...
compiling lv_obj_class.c...
compiling lv_obj_event.c...
compiling lv_obj_property.c...
compiling lv_obj.c...
compiling lv_obj_scroll.c...
compiling lv_obj_pos.c...
compiling lv_obj_style.c...
..\LVGL\lvgl\src/core/lv_obj_style.c(768): warning:  #191-D: type qualifier is meaningless on cast type
      const bool skip_trans = (const bool) obj->skip_trans;
..\LVGL\lvgl\src/core/lv_obj_style.c: 1 warning, 0 errors
compiling lv_draw_3d.c...
compiling app_freertos.c...
compiling app_time.c...
compiling lv_obj_style_gen.c...
compiling main.c...
compiling lv_draw_arc.c...
compiling lv_obj_tree.c...
compiling lv_refr.c...
compiling lv_draw.c...
compiling stm32f4xx_hal_flash_ex.c...
compiling lv_draw_image.c...
compiling lv_draw_buf.c...
compiling lv_display.c...
compiling stm32f4xx_hal_flash_ramfunc.c...
compiling lv_draw_line.c...
compiling stm32f4xx_hal_gpio.c...
compiling stm32f4xx_hal_dma.c...
compiling lv_draw_label.c...
compiling stm32f4xx_hal_cortex.c...
compiling stm32f4xx_hal_pwr_ex.c...
compiling stm32f4xx_hal_pwr.c...
compiling app_tasks.c...
compiling lv_draw_mask.c...
compiling stm32f4xx_hal_dma_ex.c...
compiling lv_draw_triangle.c...
compiling lv_draw_rect.c...
compiling stm32f4xx_hal.c...
compiling stm32f4xx_hal_exti.c...
compiling lv_draw_vector.c...
compiling stm32f4xx_hal_iwdg.c...
compiling stm32f4xx_hal_rtc_ex.c...
compiling system_stm32f4xx.c...
compiling stm32f4xx_hal_rtc.c...
compiling stm32f4xx_hal_spi.c...
compiling stm32f4xx_hal_tim_ex.c...
compiling lv_draw_sw_blend.c...
compiling stm32f4xx_hal_uart.c...
compiling lv_image_decoder.c...
compiling lv_draw_sw_blend_to_al88.c...
compiling lv_draw_sw_blend_to_argb8888_premultiplied.c...
compiling lv_draw_sw_blend_to_l8.c...
compiling lv_draw_sw_blend_to_i1.c...
compiling lv_draw_sw_blend_to_argb8888.c...
compiling lv_draw_sw_arc.c...
compiling lv_draw_sw_blend_to_rgb565.c...
compiling lv_draw_sw.c...
compiling lv_draw_sw_blend_to_rgb888.c...
compiling stm32f4xx_hal_tim.c...
compiling lv_draw_sw_border.c...
compiling lv_draw_sw_grad.c...
compiling lv_draw_sw_img.c...
compiling lv_draw_sw_blend_to_rgb565_swapped.c...
compiling lv_draw_sw_fill.c...
compiling lv_draw_sw_box_shadow.c...
compiling lv_draw_sw_letter.c...
compiling lv_font.c...
compiling lv_draw_sw_utils.c...
compiling lv_draw_sw_vector.c...
compiling lv_draw_sw_mask_rect.c...
compiling lv_draw_sw_line.c...
compiling lv_draw_sw_triangle.c...
compiling lv_draw_sw_mask.c...
compiling lv_draw_sw_transform.c...
compiling lv_font_fmt_txt.c...
compiling lv_font_montserrat_12.c...
compiling lv_font_dejavu_16_persian_hebrew.c...
compiling lv_font_montserrat_14.c...
compiling lv_font_montserrat_10.c...
compiling lv_font_montserrat_14_aligned.c...
compiling lv_binfont_loader.c...
compiling lv_font_montserrat_16.c...
compiling lv_font_montserrat_20.c...
compiling lv_font_montserrat_18.c...
compiling lv_font_montserrat_22.c...
compiling lv_font_montserrat_24.c...
compiling lv_font_montserrat_28_compressed.c...
compiling lv_font_montserrat_28.c...
compiling lv_font_montserrat_26.c...
compiling lv_font_montserrat_30.c...
compiling lv_font_montserrat_34.c...
compiling lv_font_montserrat_32.c...
compiling lv_font_montserrat_42.c...
compiling lv_font_montserrat_36.c...
compiling lv_font_montserrat_38.c...
compiling lv_font_montserrat_40.c...
compiling lv_cache_lru_ll.c...
compiling lv_font_montserrat_44.c...
compiling lv_font_montserrat_46.c...
compiling lv_font_montserrat_48.c...
compiling lv_font_simsun_14_cjk.c...
compiling lv_font_montserrat_8.c...
compiling lv_font_simsun_16_cjk.c...
compiling lv_cache_lru_rb.c...
..\LVGL\lvgl\src/misc/cache/class/lv_cache_lru_rb.c(161): warning:  #546-D: transfer of control bypasses initialization of:
            variable "data"  (declared at line 163)
            variable "entry"  (declared at line 164)
            variable "lru_node"  (declared at line 167)
          goto FAILED_HANDLER2;
          ^
..\LVGL\lvgl\src/misc/cache/class/lv_cache_lru_rb.c: 1 warning, 0 errors
compiling lv_font_source_han_sans_sc_14_cjk.c...
compiling lv_indev_gesture.c...
compiling lv_cache.c...
compiling lv_font_source_han_sans_sc_16_cjk.c...
compiling lv_font_unscii_16.c...
compiling lv_font_unscii_8.c...
compiling lv_indev_scroll.c...
compiling lv_cache_entry.c...
compiling lv_array.c...
compiling lv_anim_timeline.c...
compiling lv_async.c...
compiling lv_image_cache.c...
compiling lv_layout.c...
compiling lv_image_header_cache.c...
compiling lv_init.c...
compiling lv_bidi.c...
compiling lv_flex.c...
compiling lv_grid.c...
compiling lv_indev.c...
compiling lv_color_op.c...
compiling lv_circle_buf.c...
compiling lv_area.c...
compiling lv_anim.c...
compiling lv_color.c...
compiling lv_log.c...
compiling lv_grad.c...
compiling lv_ll.c...
compiling lv_iter.c...
compiling lv_matrix.c...
compiling lv_lru.c...
..\LVGL\lvgl\src/misc/lv_lru.c(237): warning:  #68-D: integer conversion resulted in a change of sign
      uint32_t i = 0, min_index = -1;
..\LVGL\lvgl\src/misc/lv_lru.c(238): warning:  #68-D: integer conversion resulted in a change of sign
      uint64_t min_access_count = -1;
..\LVGL\lvgl\src/misc/lv_lru.c: 2 warnings, 0 errors
compiling lv_palette.c...
compiling lv_event.c...
compiling lv_templ.c...
compiling lv_rb.c...
..\LVGL\lvgl\src/misc/lv_rb.c(429): warning:  #1293-D: assignment in condition
      while((parent = node->parent) && parent->color == LV_RB_COLOR_RED) {
..\LVGL\lvgl\src/misc/lv_rb.c: 1 warning, 0 errors
compiling lv_style_gen.c...
compiling lv_text.c...
compiling lv_fs.c...
compiling lv_math.c...
compiling lv_style.c...
compiling lv_text_ap.c...
compiling lv_tree.c...
compiling lv_linux.c...
compiling lv_utils.c...
compiling lv_cmsis_rtos2.c...
compiling lv_os_none.c...
compiling lv_timer.c...
compiling lv_freertos.c...
compiling lv_profiler_builtin.c...
compiling lv_mqx.c...
compiling lv_pthread.c...
compiling lv_sdl2.c...
compiling lv_windows.c...
compiling lv_rtthread.c...
compiling lv_string_builtin.c...
compiling lv_sprintf_builtin.c...
compiling lv_os.c...
compiling lv_mem_core_builtin.c...
compiling lv_mem_core_clib.c...
compiling lv_sprintf_clib.c...
compiling lv_mem_core_micropython.c...
compiling lv_string_clib.c...
compiling lv_mem_core_rtthread.c...
compiling lv_tlsf.c...
..\LVGL\lvgl\src/stdlib/builtin/lv_tlsf.c(897): warning:  #68-D: integer conversion resulted in a change of sign
          offset_to_block(pool, -(int)block_header_overhead);
..\LVGL\lvgl\src/stdlib/builtin/lv_tlsf.c(999): warning:  #68-D: integer conversion resulted in a change of sign
      block = offset_to_block(mem, -(tlsfptr_t)block_header_overhead);
..\LVGL\lvgl\src/stdlib/builtin/lv_tlsf.c(1017): warning:  #68-D: integer conversion resulted in a change of sign
      block_header_t * block = offset_to_block(pool, -(int)block_header_overhead);
..\LVGL\lvgl\src/stdlib/builtin/lv_tlsf.c: 3 warnings, 0 errors
compiling lv_sprintf_rtthread.c...
compiling lv_mem.c...
compiling lv_mem_core_uefi.c...
compiling lv_3dtexture.c...
compiling lv_string_rtthread.c...
compiling lv_calendar_header_arrow.c...
compiling lv_calendar_chinese.c...
compiling lv_animimage.c...
compiling lv_tick.c...
compiling lv_button.c...
compiling lv_calendar_header_dropdown.c...
compiling lv_bar.c...
compiling lv_arc.c...
compiling lv_buttonmatrix.c...
compiling lv_theme_simple.c...
compiling lv_theme.c...
compiling lv_checkbox.c...
compiling lv_lottie.c...
compiling lv_theme_mono.c...
compiling lv_canvas.c...
compiling lv_objx_templ.c...
compiling lv_keyboard.c...
compiling lv_calendar.c...
compiling lv_dropdown.c...
compiling lv_chart.c...
compiling lv_image.c...
compiling lv_label.c...
compiling lv_line.c...
compiling lv_led.c...
compiling lv_animimage_properties.c...
compiling lv_theme_default.c...
compiling lv_list.c...
compiling lv_imagebutton.c...
compiling lv_msgbox.c...
compiling lv_menu.c...
compiling lv_style_properties.c...
compiling lv_label_properties.c...
compiling lv_dropdown_properties.c...
compiling lv_image_properties.c...
compiling lv_keyboard_properties.c...
compiling lv_slider_properties.c...
compiling lv_obj_properties.c...
compiling lv_roller_properties.c...
compiling lv_textarea_properties.c...
compiling lv_roller.c...
compiling lv_slider.c...
compiling setup_scr_screen_set.c...
compiling lv_scale.c...
compiling lv_span.c...
..\LVGL\lvgl\src/widgets/span/lv_span.c(1096): warning:  #546-D: transfer of control bypasses initialization of:
            variable "align_ofs"  (declared at line 1110)
            variable "txts_w"  (declared at line 1111)
              goto Next_line_init;
              ^
..\LVGL\lvgl\src/widgets/span/lv_span.c: 1 warning, 0 errors
compiling lv_switch.c...
compiling lv_spinbox.c...
compiling lv_tileview.c...
compiling lv_sysmon.c...
compiling lv_textarea.c...
compiling lv_bin_decoder.c...
compiling lv_table.c...
compiling gui_guider.c...
compiling lv_tabview.c...
compiling lv_font_SourceHanSerifSC_Regular_10.c...
compiling lv_spinner.c...
compiling events_init.c...
compiling lv_font_SourceHanSerifSC_Regular_12.c...
compiling lv_font_montserratMedium_16.c...
compiling setup_scr_screen_log.c...
compiling widgets_init.c...
compiling setup_scr_screen_home.c...
compiling setup_scr_screen_weather.c...
compiling _wifi_ok_RGB565A8_25x25.c...
compiling lv_font_montserratMedium_12.c...
compiling lv_font_SourceHanSerifSC_Regular_8.c...
compiling lv_win.c...
compiling custom.c...
compiling setup_scr_screen_sensor.c...
compiling lv_font_SourceHanSerifSC_Regular_16.c...
compiling lv_font_SourceHanSerifSC_Regular_48.c...
compiling lv_observer.c...
compiling list.c...
compiling event_groups.c...
compiling queue.c...
compiling stream_buffer.c...
compiling timers.c...
compiling port.c...
compiling heap_4.c...
compiling tasks.c...
compiling lv_port_indev.c...
compiling lv_port_disp.c...
compiling ui_app.c...
linking...
Program Size: Code=272254 RO-data=85226 RW-data=600 ZI-data=123300  
FromELF: creating hex file...
"V1\V1.axf" - 0 Error(s), 9 Warning(s).

<h2>Software Packages used:</h2>

Package Vendor: ARM
                http://www.keil.com/pack/ARM.CMSIS.5.2.0.pack
                ARM.CMSIS.5.2.0
                CMSIS (Cortex Microcontroller Software Interface Standard)
   * Component: CORE Version: 5.0.2

Package Vendor: Keil
                http://www.keil.com/pack/Keil.STM32F4xx_DFP.2.13.0.pack
                Keil.STM32F4xx_DFP.2.13.0
                STMicroelectronics STM32F4 Series Device Support, Drivers and Examples

<h2>Collection of Component include folders:</h2>
  .\RTE\_V1
  C:\Keil_v5\ARM\PACK\ARM\CMSIS\5.2.0\CMSIS\Include
  C:\Keil_v5\ARM\PACK\Keil\STM32F4xx_DFP\2.13.0\Drivers\CMSIS\Device\ST\STM32F4xx\Include

<h2>Collection of Component Files used:</h2>

   * Component: ARM::CMSIS:CORE:5.0.2
Build Time Elapsed:  00:00:21
</pre>
</body>
</html>
